<html>
<body>
<pre>
<h1>µVision Build Log</h1>
<h2>Tool Versions:</h2>
IDE-Version: µVision V5.34.0.0
Copyright (C) 2021 ARM Ltd and ARM Germany GmbH. All rights reserved.
License Information: 1 1, 1, LIC=Q7GU5-GGEV8-24TSS-LJ27U-TQ56P-JR0ZE
 
Tool Versions:
Toolchain:       MDK-ARM Professional  Version: 5.34.0.0
Toolchain Path:  C:\Keil_v5\ARM\ARMCC\Bin
C Compiler:      Armcc.exe V5.06 update 7 (build 960)
Assembler:       Armasm.exe V5.06 update 7 (build 960)
Linker/Locator:  ArmLink.exe V5.06 update 7 (build 960)
Library Manager: ArmAr.exe V5.06 update 7 (build 960)
Hex Converter:   FromElf.exe V5.06 update 7 (build 960)
CPU DLL:         SARMCM3.DLL V5.34.0.0
Dialog DLL:      DCM.DLL V1.17.3.0
Target DLL:      STLink\ST-LINKIII-KEIL_SWO.dll V3.0.8.0
Dialog DLL:      TCM.DLL V1.48.0.0
 
<h2>Project:</h2>
E:\ARM_STM32\STM32F407VGT6\OS\uCOSIII_STM32F407_SM\Project\demo.uvprojx
Project File Date:  05/01/2024

<h2>Output:</h2>
*** Using Compiler 'V5.06 update 7 (build 960)', folder: 'C:\Keil_v5\ARM\ARMCC\Bin'
Rebuild target 'STM32F407-uCOSIII'
assembling startup_stm32f40_41xxx.s...
compiling stm32f4xx_crc.c...
compiling misc.c...
compiling stm32f4xx_cryp.c...
compiling stm32f4xx_adc.c...
compiling stm32f4xx_can.c...
compiling stm32f4xx_cryp_des.c...
compiling stm32f4xx_cryp_aes.c...
compiling stm32f4xx_dcmi.c...
compiling stm32f4xx_dbgmcu.c...
compiling stm32f4xx_dac.c...
compiling stm32f4xx_dma.c...
compiling stm32f4xx_exti.c...
compiling stm32f4xx_cryp_tdes.c...
compiling stm32f4xx_dma2d.c...
compiling stm32f4xx_flash_ramfunc.c...
compiling stm32f4xx_gpio.c...
compiling stm32f4xx_hash.c...
compiling stm32f4xx_fsmc.c...
compiling stm32f4xx_hash_sha1.c...
compiling stm32f4xx_flash.c...
compiling stm32f4xx_hash_md5.c...
compiling stm32f4xx_pwr.c...
compiling stm32f4xx_iwdg.c...
compiling stm32f4xx_rng.c...
compiling stm32f4xx_rcc.c...
compiling stm32f4xx_ltdc.c...
compiling stm32f4xx_i2c.c...
compiling stm32f4xx_rtc.c...
compiling stm32f4xx_wwdg.c...
compiling stm32f4xx_syscfg.c...
compiling stm32f4xx_usart.c...
compiling stm32f4xx_spi.c...
compiling stm32f4xx_sdio.c...
compiling stm32f4xx_sai.c...
compiling stm32f4xx_tim.c...
compiling stm32f4xx_it.c...
compiling user_led.c...
compiling sys.c...
compiling system_stm32f4xx.c...
compiling cpu_core.c...
compiling delay.c...
assembling cpu_a.asm...
compiling cpu_c.c...
compiling main.c...
compiling lib_math.c...
compiling lib_ascii.c...
assembling lib_mem_a.asm...
compiling usart.c...
compiling lib_mem.c...
compiling lib_str.c...
compiling os_cfg_app.c...
compiling os_dbg.c...
compiling os_core.c...
compiling os_int.c...
compiling os_flag.c...
compiling os_mem.c...
compiling os_msg.c...
compiling os_mutex.c...
compiling os_pend_multi.c...
compiling os_prio.c...
compiling bsp.c...
compiling os_sem.c...
compiling os_q.c...
compiling os_stat.c...
compiling os_tick.c...
assembling os_cpu_a.asm...
compiling os_var.c...
compiling os_time.c...
compiling os_tmr.c...
compiling os_task.c...
compiling os_app_hooks.c...
compiling os_cpu_c.c...
linking...
Program Size: Code=22004 RO-data=952 RW-data=244 ZI-data=13244  
FromELF: creating hex file...
"..\Objects\uCOSIII_STM32F407.axf" - 0 Error(s), 0 Warning(s).

<h2>Software Packages used:</h2>

Package Vendor: Keil
                https://www.keil.com/pack/Keil.STM32F4xx_DFP.2.17.1.pack
                Keil.STM32F4xx_DFP.2.17.1
                STMicroelectronics STM32F4 Series Device Support, Drivers and Examples

<h2>Collection of Component include folders:</h2>
  C:\Users\Asus\AppData\Local\Arm\Packs\Keil\STM32F4xx_DFP\2.17.1\Drivers\CMSIS\Device\ST\STM32F4xx\Include

<h2>Collection of Component Files used:</h2>
Build Time Elapsed:  00:00:09
</pre>
</body>
</html>
